// Jest Snapshot v1, https://goo.gl/fbAQLP

exports[`Should renders HomeScreen correctly 1`] = `
<View
  accessible={true}
  focusable={true}
  onClick={[Function]}
  onResponderGrant={[Function]}
  onResponderMove={[Function]}
  onResponderRelease={[Function]}
  onResponderTerminate={[Function]}
  onResponderTerminationRequest={[Function]}
  onStartShouldSetResponder={[Function]}
  style={
    Object {
      "backgroundColor": "silver",
      "borderRadius": 4,
      "opacity": 1,
      "paddingBottom": 16,
      "paddingLeft": 16,
      "paddingRight": 16,
      "paddingTop": 16,
    }
  }
>
  <Text
    style={
      Array [
        Object {
          "fontSize": 20,
          "fontWeight": "bold",
        },
      ]
    }
  >
    Increment
  </Text>
</View>
`;
